[     123ms] [INFO] %c[SkillBridge]%c v%s (%s) built %s color:#2563eb;font-weight:bold color:inherit dev b0904ef 2026-06-23T07:29:30.117Z @ http://localhost:8080/src/lib/version.ts:23
[     124ms] [INFO] %cDownload the React DevTools for a better development experience: https://reactjs.org/link/react-devtools font-weight:bold @ http://localhost:8080/node_modules/.vite/deps/chunk-4ORZT627.js?v=7c998700:21608
[     142ms] [WARNING] ⚠️ React Router Future Flag Warning: React Router will begin wrapping state updates in `React.startTransition` in v7. You can use the `v7_startTransition` future flag to opt-in early. For more information, see https://reactrouter.com/v6/upgrading/future#v7_starttransition. @ http://localhost:8080/node_modules/.vite/deps/react-router-dom.js?v=7c998700:4434
[     143ms] [WARNING] ⚠️ React Router Future Flag Warning: Relative route resolution within Splat routes is changing in v7. You can use the `v7_relativeSplatPath` future flag to opt-in early. For more information, see https://reactrouter.com/v6/upgrading/future#v7_relativesplatpath. @ http://localhost:8080/node_modules/.vite/deps/react-router-dom.js?v=7c998700:4434
[     272ms] [ERROR] Failed to load resource: the server responded with a status of 401 (Unauthorized) @ http://localhost:8080/api/auth/refresh:0
[    2004ms] [VERBOSE] [DOM] Password field is not contained in a form: (More info: https://goo.gl/9p2vKq) %o @ http://localhost:8080/diagnosis:0
[    4063ms] [ERROR] Not signed in with the identity provider. @ http://localhost:8080/diagnosis:0
[    5379ms] [ERROR] Failed to load resource: the server responded with a status of 403 () @ https://accounts.google.com/gsi/button?type=standard&theme=outline&size=large&text=continue_with&shape=pill&logo_alignment=undefined&width=undefined&locale=undefined&click_listener=undefined&is_fedcm_supported=true&client_id=973344038436-p701b3b89iiium7eitf1mik4n6t5novi.apps.googleusercontent.com&iframe_id=gsi_998493_963599&cas=TsCo9zgVFjUvaer0wrsHYnBT2fZx4Wdmy3rIEW0nIZs:0
[    7267ms] [ERROR] [GSI_LOGGER]: The given origin is not allowed for the given client ID. @ https://ssl.gstatic.com/_/gsi/_/js/k=gsi.gsi.vi.tPE1fLtpog8.O/am=AAAAABIEMCUE/d=1/rs=AF0KOtVoAYcL5IoBrvc_eyW8oh6uHxze-Q/m=credential_button_library:87
[   18858ms] [ERROR] [GSI_LOGGER]: FedCM get() rejects with AbortError: signal is aborted without reason @ https://accounts.google.com/gsi/client:87
[  234420ms] [ERROR] Warning: The result of getSnapshot should be cached to avoid an infinite loop%s 
    at DiagnosisStep2Review (http://localhost:8080/src/components/diagnosis/DiagnosisStep2Review.tsx?t=1782209839255:379:25)
    at div
    at main
    at div
    at Layout (http://localhost:8080/src/components/layout/Layout.tsx:6:34)
    at Diagnosis (http://localhost:8080/src/pages/user/Diagnosis.tsx?t=1782209839255:72:19)
    at RenderedRoute (http://localhost:8080/node_modules/.vite/deps/react-router-dom.js?v=7c998700:4130:5)
    at Routes (http://localhost:8080/node_modules/.vite/deps/react-router-dom.js?v=7c998700:4600:5)
    at Suspense
    at Router (http://localhost:8080/node_modules/.vite/deps/react-router-dom.js?v=7c998700:4543:15)
    at BrowserRouter (http://localhost:8080/node_modules/.vite/deps/react-router-dom.js?v=7c998700:5289:5)
    at Provider (http://localhost:8080/node_modules/.vite/deps/chunk-X4WVOHV4.js?v=7c998700:37:15)
    at TooltipProvider (http://localhost:8080/node_modules/.vite/deps/@radix-ui_react-tooltip.js?v=7c998700:158:5)
    at ThemeProvider (http://localhost:8080/src/components/ThemeProvider.tsx:9:33)
    at QueryClientProvider (http://localhost:8080/node_modules/.vite/deps/@tanstack_react-query.js?v=7c998700:3130:3)
    at App @ http://localhost:8080/node_modules/.vite/deps/chunk-4ORZT627.js?v=7c998700:520
[  234679ms] Error: Maximum update depth exceeded. This can happen when a component repeatedly calls setState inside componentWillUpdate or componentDidUpdate. React limits the number of nested updates to prevent infinite loops.
    at checkForNestedUpdates (http://localhost:8080/node_modules/.vite/deps/chunk-4ORZT627.js?v=7c998700:19712:19)
    at scheduleUpdateOnFiber (http://localhost:8080/node_modules/.vite/deps/chunk-4ORZT627.js?v=7c998700:18583:11)
    at forceStoreRerender (http://localhost:8080/node_modules/.vite/deps/chunk-4ORZT627.js?v=7c998700:12047:13)
    at updateStoreInstance (http://localhost:8080/node_modules/.vite/deps/chunk-4ORZT627.js?v=7c998700:12023:13)
    at commitHookEffectListMount (http://localhost:8080/node_modules/.vite/deps/chunk-4ORZT627.js?v=7c998700:16963:34)
    at commitPassiveMountOnFiber (http://localhost:8080/node_modules/.vite/deps/chunk-4ORZT627.js?v=7c998700:18206:19)
    at commitPassiveMountEffects_complete (http://localhost:8080/node_modules/.vite/deps/chunk-4ORZT627.js?v=7c998700:18179:17)
    at commitPassiveMountEffects_begin (http://localhost:8080/node_modules/.vite/deps/chunk-4ORZT627.js?v=7c998700:18169:15)
    at commitPassiveMountEffects (http://localhost:8080/node_modules/.vite/deps/chunk-4ORZT627.js?v=7c998700:18159:11)
    at flushPassiveEffectsImpl (http://localhost:8080/node_modules/.vite/deps/chunk-4ORZT627.js?v=7c998700:19543:11)
[  234681ms] [ERROR] The above error occurred in the <DiagnosisStep2Review> component:

    at DiagnosisStep2Review (http://localhost:8080/src/components/diagnosis/DiagnosisStep2Review.tsx?t=1782209839255:379:25)
    at div
    at main
    at div
    at Layout (http://localhost:8080/src/components/layout/Layout.tsx:6:34)
    at Diagnosis (http://localhost:8080/src/pages/user/Diagnosis.tsx?t=1782209839255:72:19)
    at RenderedRoute (http://localhost:8080/node_modules/.vite/deps/react-router-dom.js?v=7c998700:4130:5)
    at Routes (http://localhost:8080/node_modules/.vite/deps/react-router-dom.js?v=7c998700:4600:5)
    at Suspense
    at Router (http://localhost:8080/node_modules/.vite/deps/react-router-dom.js?v=7c998700:4543:15)
    at BrowserRouter (http://localhost:8080/node_modules/.vite/deps/react-router-dom.js?v=7c998700:5289:5)
    at Provider (http://localhost:8080/node_modules/.vite/deps/chunk-X4WVOHV4.js?v=7c998700:37:15)
    at TooltipProvider (http://localhost:8080/node_modules/.vite/deps/@radix-ui_react-tooltip.js?v=7c998700:158:5)
    at ThemeProvider (http://localhost:8080/src/components/ThemeProvider.tsx:9:33)
    at QueryClientProvider (http://localhost:8080/node_modules/.vite/deps/@tanstack_react-query.js?v=7c998700:3130:3)
    at App

Consider adding an error boundary to your tree to customize error handling behavior.
Visit https://reactjs.org/link/error-boundaries to learn more about error boundaries. @ http://localhost:8080/node_modules/.vite/deps/chunk-4ORZT627.js?v=7c998700:14079
[  234680ms] Error: Maximum update depth exceeded. This can happen when a component repeatedly calls setState inside componentWillUpdate or componentDidUpdate. React limits the number of nested updates to prevent infinite loops.
    at checkForNestedUpdates (http://localhost:8080/node_modules/.vite/deps/chunk-4ORZT627.js?v=7c998700:19712:19)
    at scheduleUpdateOnFiber (http://localhost:8080/node_modules/.vite/deps/chunk-4ORZT627.js?v=7c998700:18583:11)
    at forceStoreRerender (http://localhost:8080/node_modules/.vite/deps/chunk-4ORZT627.js?v=7c998700:12047:13)
    at updateStoreInstance (http://localhost:8080/node_modules/.vite/deps/chunk-4ORZT627.js?v=7c998700:12023:13)
    at commitHookEffectListMount (http://localhost:8080/node_modules/.vite/deps/chunk-4ORZT627.js?v=7c998700:16963:34)
    at commitPassiveMountOnFiber (http://localhost:8080/node_modules/.vite/deps/chunk-4ORZT627.js?v=7c998700:18206:19)
    at commitPassiveMountEffects_complete (http://localhost:8080/node_modules/.vite/deps/chunk-4ORZT627.js?v=7c998700:18179:17)
    at commitPassiveMountEffects_begin (http://localhost:8080/node_modules/.vite/deps/chunk-4ORZT627.js?v=7c998700:18169:15)
    at commitPassiveMountEffects (http://localhost:8080/node_modules/.vite/deps/chunk-4ORZT627.js?v=7c998700:18159:11)
    at flushPassiveEffectsImpl (http://localhost:8080/node_modules/.vite/deps/chunk-4ORZT627.js?v=7c998700:19543:11)
[  358509ms] [ERROR] Warning: %s: `ref` is not a prop. Trying to access it will result in `undefined` being returned. If you need to access the same value within the child component, you should pass it as a different prop. (https://reactjs.org/link/special-props)%s div 
    at PopChild (http://localhost:8080/node_modules/.vite/deps/framer-motion.js?v=7c998700:7984:21)
    at PresenceChild (http://localhost:8080/node_modules/.vite/deps/framer-motion.js?v=7c998700:8032:24)
    at AnimatePresence (http://localhost:8080/node_modules/.vite/deps/framer-motion.js?v=7c998700:8109:26)
    at FloatingPortal (http://localhost:8080/node_modules/.vite/deps/@floating-ui_react.js?v=7c998700:2285:5)
    at CompanionShell (http://localhost:8080/src/components/companion/CompanionShell.tsx?t=1782209905845:38:22)
    at Provider (http://localhost:8080/node_modules/.vite/deps/chunk-X4WVOHV4.js?v=7c998700:37:15)
    at TooltipProvider (http://localhost:8080/node_modules/.vite/deps/@radix-ui_react-tooltip.js?v=7c998700:158:5)
    at ThemeProvider (http://localhost:8080/src/components/ThemeProvider.tsx:9:33)
    at QueryClientProvider (http://localhost:8080/node_modules/.vite/deps/@tanstack_react-query.js?v=7c998700:3130:3)
    at App @ http://localhost:8080/node_modules/.vite/deps/react_jsx-dev-runtime.js?v=7c998700:63
